
ASEM-51 V1.3                                         Copyright (c) 2002 by W.W. Heinz                                         PAGE 1





       MCS-51 Family Macro Assembler   A S E M - 5 1   V 1.3
       =====================================================



	Source File:	AD_TEMP_LDC_MP.ASM
	Object File:	AD_TEMP_LDC_MP.hex
	List File:	AD_TEMP_LDC_MP.lst



 Line  I  Addr  Code            Source

    1:				;===============================================================================
    2:				;====== PROGRAMA PARA INDICAR A TEMPERATURA EM UM LCD E ENVIAR PARA     ========
    3:				;====== O COMPUTADOR VIA SERIAL.					========
    4:				;====== TODO O HARDWARE ESTARÁ CODIFICADO COM SENHAS.			========
    5:				;===============================================================================
    6:				;---------------------------------- PINAGEM ---------------------------------------
    7:				; CONTROLE DO TECLADO -> P0
    8:				; INTERRUPÇÃO EXT -> P3.1
    9:				; CONVERSOR AD -> P1
   10:				; ENABLE DO LCD -> P2.0
   11:				; RS DO LCD -> P2.1
   12:				; LCD DE 4 VIAS -> DE 2.4 ATÉ 2.7
   13:				;////////////////////////////REGISTROS UTILIZADOS//////////////////////////////
   14:				; R0 R4 R5 08H 09H R2 R6 R7 R1 10H 0AH 0BH
   15:				;-----------------------------------------------------------------------------------
   16:				; DESENVOLVIDO POR: JOHN DAYTON CHAVES CUTÓDIO
   17:				; DATA DE DESENVOLVIMENTO: 03/09/2013
   18:				; ULTIMA ATUALIZAÇÃO: 03/09/2013
   19:				;======================================================================================
   20:				;------------------------------- DEFINIÇÕES DAS FLAGS --------------------------------------
   21:
   22:		N      0000	FLAG		EQU	00H		;FLAG DE AUXILIO PARA CONTROLE DE TEMPO DE HABILITAÇÃO DO TI
				MER0
   23:		N      0001	FLAG1		EQU	01H		;
   24:		N      0002	FLAG_SENHA	EQU	02H		;FLAG QUE INDICA QUE A SENHA ESTÁ CORRETA
   25:		N      0003	FLAG_MOTOR	EQU	03H
   26:		N      0004	FLAG_TEMP	EQU	04H
   27:		N      0005	FLAG_SERIAL	EQU	05H
   28:
   29:		D      0080	AD		EQU	P0		;PORTA DE ENTRADA DO AD
   30:		D      00A0	DISPLAY		EQU	P2		;BARRAMENTO DE DADOS PARA O LCD
   31:		B      00A1	RS		EQU	P2.1		;PINO REFERENTE AO RS DO LCD
   32:		B      00A0	ENABLE		EQU	P2.0		;PINO REFERENTE AO ENABLE DO LCD
   33:		D      0090	TECLA		EQU	P1		;PORTA ATRIBUIDA AO TECLADO
   34:		B      00B4	M1		EQU	P3.4		;PINO REFERENTE AO MOTOR
   35:		B      00B5	M2		EQU	P3.5		;PINO REFERENTE AO MOTOR
   36:		B      00B6	M3		EQU	P3.6		;PINO REFERENTE AO MOTOR
   37:		B      00B7	M4		EQU	P3.7		;PINO REFERENTE AO MOTOR
   38:
   39:				;------------------------------- DESVIOS DE IMTERRUPÇÕES -------------------------------------
   40:		N      0000		ORG	00H
   41:	  0000	61 DC			AJMP	CONFIG
   42:		N      0003		ORG	03H

ASEM-51 V1.3                                         Copyright (c) 2002 by W.W. Heinz                                         PAGE 2



 Line  I  Addr  Code            Source

   43:	  0003	01 1D			AJMP	EXT_0
   44:		N      000B		ORG	0BH
   45:	  000B	01 98			AJMP	TIMR_0
   46:		N      001B		ORG	1BH
   47:	  001B	01 AE			AJMP	TIMR_1
   48:				;============================================ INTERRUPÇÕES =========================================
				==
   49:
   50:				;------------------------------------------- EXTERNA 0 ---------------------------------------------
				----
   51:	  001D	C2 8C		EXT_0:	CLR	TR0		;DESLIGA O TIMER0
   52:	  001F	C0 E0			PUSH	ACC		;SALVA NA PILHA O VALOR DO ACUMULADOR PARA CONSERVAR
   53:	  0021	E5 90			MOV	A,P1		;LÊ A PORTA 1
   54:	  0023	D2 03			SETB	FLAG_MOTOR	;SETA A FLAG QUE INFORMA A ENTRADA NO TIMER 0, PARA A ESCRETA DA TEC
				LA PRESSIONADA
   55:	  0025	D2 00			SETB	FLAG		;SETA A FLAG PARA PODER HABILITAR O TIMER 0 APOS UM DETERMINADO TEMP
				O
   56:								;PARA NÃO ENTRAR NA INTERRUPÇÃO NOVAMENTE
   57:
   58:	  0027	B4 D7 04		CJNE	A,#0D7H,EX_1	;VERIFICA SE A TECLA PRESSIONADA FOI '0'
   59:	  002A	76 30			MOV	@R0,#'0'	;SALVA NA MEMÓRIA O CÓDIGO ASCII DO 0
   60:	  002C	01 95			AJMP	F_EXT0		;VAI PARA A SAÍDA DA INTERRUPÇÃO
   61:
   62:	  002E	B4 EE 04	EX_1:	CJNE	A,#0EEH,EX_2	;VERIFICA SE A TECLA PRESSIONADA FOI '1'
   63:	  0031	76 31			MOV	@R0,#'1'
   64:	  0033	01 95			AJMP	F_EXT0
   65:
   66:	  0035	B4 DE 04	EX_2:	CJNE	A,#0DEH,EX_3	;VERIFICA SE A TECLA PRESSIONADA FOI '2'
   67:	  0038	76 32			MOV	@R0,#'2'
   68:	  003A	01 95			AJMP	F_EXT0
   69:
   70:	  003C	B4 BE 04	EX_3:	CJNE	A,#0BEH,EX_4	;VERIFICA SE A TECLA PRESSIONADA FOI '3'
   71:	  003F	76 33			MOV	@R0,#'3'
   72:	  0041	01 95			AJMP	F_EXT0
   73:
   74:	  0043	B4 ED 04	EX_4:	CJNE	A,#0EDH,EX_5	;VERIFICA SE A TECLA PRESSIONADA FOI '4'
   75:	  0046	76 34			MOV	@R0,#'4'
   76:	  0048	01 95			AJMP	F_EXT0
   77:
   78:	  004A	B4 DD 04	EX_5:	CJNE	A,#0DDH,EX_6	;VERIFICA SE A TECLA PRESSIONADA FOI '5'
   79:	  004D	76 35			MOV	@R0,#'5'
   80:	  004F	01 95			AJMP	F_EXT0
   81:
   82:	  0051	B4 BD 04	EX_6:	CJNE	A,#0BDH,EX_7	;VERIFICA SE A TECLA PRESSIONADA FOI '6'
   83:	  0054	76 36			MOV	@R0,#'6'
   84:	  0056	01 95			AJMP	F_EXT0
   85:
   86:	  0058	B4 EB 04	EX_7:	CJNE	A,#0EBH,EX_8	;VERIFICA SE A TECLA PRESSIONADA FOI '7'
   87:	  005B	76 37			MOV	@R0,#'7'
   88:	  005D	01 95			AJMP	F_EXT0
   89:
   90:	  005F	B4 DB 04	EX_8:	CJNE	A,#0DBH,EX_9	;VERIFICA SE A TECLA PRESSIONADA FOI '8'
   91:	  0062	76 38			MOV	@R0,#'8'
   92:	  0064	01 95			AJMP	F_EXT0
   93:
   94:	  0066	B4 BB 04	EX_9:	CJNE	A,#0BBH,EX_10	;VERIFICA SE A TECLA PRESSIONADA FOI '9'

ASEM-51 V1.3                                         Copyright (c) 2002 by W.W. Heinz                                         PAGE 3



 Line  I  Addr  Code            Source

   95:	  0069	76 39			MOV	@R0,#'9'
   96:	  006B	01 95			AJMP	F_EXT0
   97:
   98:	  006D	B4 7E 04	EX_10:	CJNE	A,#07EH,EX_11	;VERIFICA SE A TECLA PRESSIONADA FOI 'A'
   99:	  0070	76 41			MOV	@R0,#'A'
  100:	  0072	01 95			AJMP	F_EXT0
  101:
  102:	  0074	B4 7D 04	EX_11:	CJNE	A,#07DH,EX_12	;VERIFICA SE A TECLA PRESSIONADA FOI 'B'
  103:	  0077	76 42			MOV	@R0,#'B'
  104:	  0079	01 95			AJMP	F_EXT0
  105:
  106:	  007B	B4 7B 04	EX_12:	CJNE	A,#07BH,EX_13	;VERIFICA SE A TECLA PRESSIONADA FOI 'C'
  107:	  007E	76 43			MOV	@R0,#'C'
  108:	  0080	01 95			AJMP	F_EXT0
  109:
  110:	  0082	B4 77 04	EX_13:	CJNE	A,#77H,EX_14	;VERIFICA SE A TECLA PRESSIONADA FOI 'D'
  111:	  0085	76 44			MOV	@R0,#'D'
  112:	  0087	01 95			AJMP	F_EXT0
  113:
  114:	  0089	B4 E7 04	EX_14:	CJNE	A,#0E7H,EX_15	;VERIFICA SE A TECLA PRESSIONADA FOI '*'
  115:	  008C	76 2A			MOV	@R0,#'*'
  116:	  008E	01 95			AJMP	F_EXT0
  117:
  118:	  0090	B4 B7 02	EX_15:	CJNE	A,#0B7H,F_EXT0	;VERIFICA SE A TECLA PRESSIONADA FOI '*'
  119:	  0093	76 23			MOV	@R0,#23H
  120:
  121:	  0095	D0 E0		F_EXT0:	POP	ACC
  122:	  0097	32			RETI			;SAI DA INTERRUPÇÃO
  123:
  124:				;---------------------------------------------- TIMER 0 --------------------------------------------
				-----
  125:				;
  126:
  127:	  0098	C0 E0		TIMR_0:	PUSH	ACC
  128:	  009A	BE FE 02		CJNE	R6,#0FEH,T0_1
  129:	  009D	7E EF			MOV	R6,#0EFH
  130:	  009F	EE		T0_1:	MOV	A,R6
  131:	  00A0	54 F0			ANL	A,#0F0H
  132:	  00A2	FF			MOV	R7,A
  133:	  00A3	74 0F			MOV	A,#0FH		;CARREGA O ACUMULADOR COM O VALOR DO TECLADO
  134:				;	ANL	A,#0FH		;LIMPA A PARTE MAIS ALTA DO BYTE
  135:	  00A5	4F			ORL	A,R7		;SOMA AS DUAS PARTES ALTO E BAIXO
  136:	  00A6	F5 90			MOV	TECLA,A
  137:	  00A8	EE			MOV	A,R6
  138:	  00A9	23			RL	A
  139:	  00AA	FE			MOV	R6,A
  140:	  00AB	D0 E0			POP	ACC
  141:	  00AD	32			RETI			;SAI DA INTERRUPÇÃO
  142:
  143:				;------------------------------------------- TIMER 1 -----------------------------------------------
				---
  144:
  145:	  00AE	C0 E0		TIMR_1:	PUSH	ACC		;SALVA O VALOR DO ACUMULADOR
  146:	  00B0	DB 7C			DJNZ	R3,ESP
  147:	  00B2	E5 0A			MOV	A,0AH		;MOVE PARA O ACUMULADOR O VALOR DO REGISTRO R2 DO BANCO 1
  148:

ASEM-51 V1.3                                         Copyright (c) 2002 by W.W. Heinz                                         PAGE 4



 Line  I  Addr  Code            Source

  149:	  00B4	B4 01 0A	T1_1:	CJNE	A,#1,T1_2	;VERIFICA QUAL O VALOR DE 0AH PARA SETAR OU LIMPAR OS PINOS REFERENT
				E A SEQUENCIA
  150:	  00B7	D2 B4			SETB	M1
  151:	  00B9	C2 B5			CLR	M2
  152:	  00BB	C2 B6			CLR	M3
  153:	  00BD	C2 B7			CLR 	M4
  154:	  00BF	01 E6			AJMP	T_1
  155:	  00C1	B4 02 0A	T1_2:	CJNE	A,#2,T1_3
  156:	  00C4	C2 B4			CLR	M1
  157:	  00C6	D2 B5			SETB	M2
  158:	  00C8	C2 B6			CLR	M3
  159:	  00CA	C2 B7			CLR 	M4
  160:	  00CC	01 E6			AJMP	T_1
  161:	  00CE	B4 03 0A	T1_3:	CJNE	A,#3,T1_4
  162:	  00D1	C2 B4			CLR	M1
  163:	  00D3	C2 B5			CLR	M2
  164:	  00D5	D2 B6			SETB	M3
  165:	  00D7	C2 B7			CLR 	M4
  166:	  00D9	01 E6			AJMP	T_1
  167:	  00DB	C2 B4		T1_4:	CLR	M1
  168:	  00DD	C2 B5			CLR	M2
  169:	  00DF	C2 B6			CLR	M3
  170:	  00E1	D2 B7			SETB 	M4
  171:	  00E3	75 0A 00		MOV	0AH,#0
  172:
  173:	  00E6	B6 31 02	T_1:	CJNE	@R0,#'1',T_2
  174:	  00E9	7B 11			MOV	R3,#17		;COMANDO DA VELOCIDADE DO MOTOR DE PASSO PARA BOTÃO 1
  175:	  00EB	B6 32 02	T_2:	CJNE	@R0,#'2',T_3
  176:	  00EE	7B 0F			MOV	R3,#15		;COMANDO DA VELOCIDADE DO MOTOR DE PASSO PARA BOTÃO 2
  177:	  00F0	B6 33 02	T_3:	CJNE	@R0,#'3',T_4
  178:	  00F3	7B 0D			MOV	R3,#13		;COMANDO DA VELOCIDADE DO MOTOR DE PASSO PARA BOTÃO 3
  179:	  00F5	B6 34 02	T_4:	CJNE	@R0,#'4',T_5
  180:	  00F8	7B 0B			MOV	R3,#11		;COMANDO DA VELOCIDADE DO MOTOR DE PASSO PARA BOTÃO 4
  181:	  00FA	B6 35 02	T_5:	CJNE	@R0,#'5',T_6
  182:	  00FD	7B 0A			MOV	R3,#10		;COMANDO DA VELOCIDADE DO MOTOR DE PASSO PARA BOTÃO 5
  183:	  00FF	B6 36 02	T_6:	CJNE	@R0,#'6',T_7
  184:	  0102	7B 09			MOV	R3,#9		;COMANDO DA VELOCIDADE DO MOTOR DE PASSO PARA BOTÃO 6
  185:	  0104	B6 37 02	T_7:	CJNE	@R0,#'7',T_8
  186:	  0107	7B 08			MOV	R3,#8		;COMANDO DA VELOCIDADE DO MOTOR DE PASSO PARA BOTÃO 7
  187:	  0109	B6 38 02	T_8:	CJNE	@R0,#'8',T_9
  188:	  010C	7B 07			MOV	R3,#7		;COMANDO DA VELOCIDADE DO MOTOR DE PASSO PARA BOTÃO 8
  189:	  010E	B6 39 02	T_9:	CJNE	@R0,#'9',T_10
  190:	  0111	7B 06			MOV	R3,#6		;COMANDO DA VELOCIDADE DO MOTOR DE PASSO PARA BOTÃO 9
  191:	  0113	B6 41 02	T_10:	CJNE	@R0,#'A',T_11
  192:	  0116	7B 05			MOV	R3,#5		;COMANDO DA VELOCIDADE DO MOTOR DE PASSO PARA BOTÃO A
  193:	  0118	B6 42 02	T_11:	CJNE	@R0,#'B',T_12
  194:	  011B	7B 04			MOV	R3,#4		;COMANDO DA VELOCIDADE DO MOTOR DE PASSO PARA BOTÃO B
  195:	  011D	B6 43 02	T_12:	CJNE	@R0,#'C',T_13
  196:	  0120	7B 03			MOV	R3,#3		;COMANDO DA VELOCIDADE DO MOTOR DE PASSO PARA BOTÃO C
  197:	  0122	B6 44 02	T_13:	CJNE	@R0,#'D',T_14
  198:	  0125	7B 02			MOV	R3,#2		;COMANDO DA VELOCIDADE DO MOTOR DE PASSO PARA BOTÃO D
  199:	  0127	B6 2A 02	T_14:	CJNE	@R0,#'*',SAI_T1
  200:	  012A	7B 01			MOV	R3,#1		;COMANDO DA VELOCIDADE DO MOTOR DE PASSO PARA BOTÃO *
  201:
  202:	  012C	05 0A		SAI_T1:	INC	0AH
  203:	  012E	D0 E0		ESP:	POP	ACC		;RECUPERA O VALOR INICIAL DO ACUMULADOR

ASEM-51 V1.3                                         Copyright (c) 2002 by W.W. Heinz                                         PAGE 5



 Line  I  Addr  Code            Source

  204:	  0130	32			RETI			;SAI DA INTERRUPÇÃO
  205:
  206:				;======================================= ROTINAS DO PROGRAMA =======================================
				====
  207:
  208:				;-------------------------------------------- DELAY_MS ---------------------------------------------
				----
  209:				; ROTINA VARIÁVEL, COM DURAÇÃO DE 0,5ms x (O VALOR PASADO EM ACUMULADOR(A))
  210:	  0131	FC		DELAY:	MOV	R4,A		;CARREGA O R4 (UNIDADE DE ms)
  211:	  0132	7D FF			MOV	R5,#255		;CARREGA O R5 (P/ CONTAR 0.5ms)
  212:	  0134	DD FE			DJNZ	R5,$		;DECREMENTA R5 E AGUARDA CHEGAR A 0
  213:	  0136	DC FB			DJNZ	R4,$-3		;DECREMENTA R4 (SE 0 -> SEGUE, SE NÃO -> VOLTA TRÊS OPERAÇÕES)
  214:	  0138	22			RET			;RETORNA DA ROTINA
  215:
  216:				;-------------------------------------------- ESCREVE ----------------------------------------------
				----
  217:				; ESTA ROTINA ENVIA UM CARACTERE PARA O MÓDULO DE LCD.
  218:				; O CARACTERE A SER COLOCADO EM ACUMULADOR(A) ANTES DE CHAMAR A ROTINA.
  219:	  0139	F5 08		ESCREVE:	MOV	08H,A		;REPASSA O VALOR DE A AO R0 DO BANCO 2	       \
  220:	  013B	54 F0				ANL	A,#0F0H		;MASCARA OS BYTES MENOS SIGNIFICATIVOS		\
  221:	  013D	F5 09				MOV	09H,A		;SALVA EM R1 DO BANCO 2				 \ROTINA PAR
				A CONSERVAR OS BITS
  222:	  013F	E5 A0				MOV	A,DISPLAY	;CARREGA O ACUMULADOR COM O VALOR DO DISPLAY	 /MENOS SIGN
				IFICATIVOS
  223:	  0141	54 0F				ANL	A,#0FH		;LIMPA A PARTE MAIS ALTA DO BYTE		/
  224:	  0143	45 09				ORL	A,09H		;SOMA AS DUAS PARTES ALTO E BAIXO	       /
  225:
  226:	  0145	F5 A0				MOV	DISPLAY,A
  227:	  0147	00				NOP			;PERDE 1us PARA ESTABILIZAÇÃO DO LCD
  228:	  0148	D2 A0				SETB	ENABLE		;ENVIA UM PULSO DE ENABLE AO DISPLAY
  229:	  014A	00				NOP
  230:	  014B	00				NOP			;PERDE 2us PARA ESTABILIZAÇÃO DO SINAL ENVIADO
  231:	  014C	C2 A0				CLR	ENABLE		;DESLIGA O PULSO
  232:
  233:	  014E	E5 08				MOV	A,08H		;RECARREGA O VALOR ORIGINAL DO ACUMULADOR
  234:	  0150	C4				SWAP	A		;ALTERA PARTE ALTA COM PARTE BAIXA O BYTE
  235:
  236:	  0151	54 F0				ANL	A,#0F0H		;MASCARA OS BYTES MENOS SIGNIFICATIVOS		\
  237:	  0153	F5 09				MOV	09H,A		;SALVA EM R1 DO BANCO 2				 \ROTINA PAR
				A CONSERVAR OS BITS
  238:	  0155	E5 A0				MOV	A,DISPLAY	;CARREGA O ACUMULADOR COM O VALOR DO DISPLAY	 /MENOS SIGN
				IFICATIVOS
  239:	  0157	54 0F				ANL	A,#0FH		;LIMPA A PARTE MAIS ALTA DO BYTE		/
  240:	  0159	45 09				ORL	A,09H		;SOMA AS DUAS PARTES ALTO E BAIXO	       /
  241:
  242:	  015B	F5 A0				MOV	DISPLAY,A	;RECARREGA A PORTA P2 COM OS VALORES TROCADOS
  243:	  015D	00				NOP			;PERDE 1us PARA ESTABILIZAÇÃO DO LCD
  244:	  015E	D2 A0				SETB	ENABLE		;ENVIA UM PULSO DE ENABLE AO DISPLAY
  245:	  0160	00				NOP
  246:	  0161	00				NOP			;PERDE 2us PARA ESTABILIZAÇÃO DO SINAL ENVIADO
  247:	  0162	C2 A0				CLR	ENABLE		;DESLIGA O PULSO
  248:	  0164	74 01				MOV	A,#1
  249:	  0166	31 31				ACALL	DELAY		;DELAY DE 1ms
  250:	  0168	22				RET			;ROTORNA DA ROTINA
  251:
  252:				;------------------------- ROTINA DE ESCRITA DA TELA DE PEDIDO DE SENHA ----------------------------

ASEM-51 V1.3                                         Copyright (c) 2002 by W.W. Heinz                                         PAGE 6



 Line  I  Addr  Code            Source

				----
  253:				;ESTA ROTINA ESCREVE NA TELA PRINCIPAL DO PROGRAMA, COM AS FRASES
  254:				; LINHA 1: SENHA:
  255:				; LINHA 2:
  256:	  0169	C2 A1		TELA_S:	CLR	RS		;SELECIONA DISPLAY P/ COMANDOS
  257:	  016B	74 01			MOV	A,#1
  258:	  016D	31 39			ACALL	ESCREVE		;ESCREVE COMANDO PARA LIMPAR A TELA
  259:	  016F	74 02			MOV	A,#2
  260:	  0171	31 31			ACALL	DELAY		;DELAY DE 1ms
  261:	  0173	74 0E			MOV	A,#0EH
  262:	  0175	31 39			ACALL	ESCREVE		;ESCREVE COMANDO PARA LIGAR CURSOR
  263:	  0177	74 02			MOV	A,#2
  264:	  0179	31 31			ACALL	DELAY		;DELAY DE 1ms
  265:	  017B	74 0D			MOV	A,#0DH
  266:	  017D	31 39			ACALL	ESCREVE		;ESCREVE COMANDO PARA CURSOR PISCANDO
  267:	  017F	74 02			MOV	A,#2
  268:	  0181	31 31			ACALL	DELAY		;DELAY DE 1ms
  269:	  0183	74 82			MOV	A,#82H
  270:	  0185	31 39			ACALL	ESCREVE		;COMANDO PARA POSICIONAR O CURSOR (LINHA 0 / COLUNA 2)
  271:	  0187	D2 A1			SETB	RS		;SELECIONA O DISPLAY P/ DADO
  272:				; COMANDOS PARA ESCREVER AS LETRAS DE "SENHA:"
  273:	  0189	74 53			MOV	A,#'S'
  274:	  018B	31 39			ACALL	ESCREVE
  275:	  018D	74 45			MOV	A,#'E'
  276:	  018F	31 39			ACALL	ESCREVE
  277:	  0191	74 4E			MOV	A,#'N'
  278:	  0193	31 39			ACALL	ESCREVE
  279:	  0195	74 48			MOV	A,#'H'
  280:	  0197	31 39			ACALL	ESCREVE
  281:	  0199	74 41			MOV	A,#'A'
  282:	  019B	31 39			ACALL	ESCREVE
  283:	  019D	74 3A			MOV	A,#':'
  284:	  019F	31 39			ACALL	ESCREVE
  285:	  01A1	22			RET
  286:				;-------------------------- ROTINA PARA ANALISE DE SENHA ------------------------------
  287:				;ROTINA PARA VERIFICAR A SENHA CORRETA
  288:
  289:	  01A2	79 22		COMPARA:	MOV	R1,#22H
  290:	  01A4	B7 35 16			CJNE	@R1,#'5',F_COMP
  291:	  01A7	79 23				MOV	R1,#23H
  292:	  01A9	B7 43 11			CJNE	@R1,#'C',F_COMP
  293:	  01AC	79 24				MOV	R1,#24H
  294:	  01AE	B7 33 0C			CJNE	@R1,#'3',F_COMP
  295:	  01B1	79 25				MOV	R1,#25H
  296:	  01B3	B7 30 07			CJNE	@R1,#'0',F_COMP
  297:	  01B6	79 26				MOV	R1,#26H
  298:	  01B8	B7 41 02			CJNE	@R1,#'A',F_COMP
  299:	  01BB	D2 02				SETB	FLAG_SENHA
  300:	  01BD	78 22		F_COMP:		MOV	R0,#22H
  301:	  01BF	22				RET
  302:
  303:				;-------------------------- ROTINA PARA MENSAGEM DE ERRO NA SENHA ---------------------
  304:				;ESTA ROTINA ESCREVE NA TELA PRINCIPAL DO PROGRAMA, COM AS FRASES
  305:				; LINHA 1: Senha INCORRETA
  306:				; LINHA 2: Tente novamente
  307:	  01C0	C2 A1		M_ERRO:	CLR	RS		;SELECIONA DISPLAY P/ COMANDOS

ASEM-51 V1.3                                         Copyright (c) 2002 by W.W. Heinz                                         PAGE 7



 Line  I  Addr  Code            Source

  308:	  01C2	74 01			MOV	A,#1
  309:	  01C4	31 39			ACALL	ESCREVE		;ESCREVE COMANDO PARA LIMPAR A TELA
  310:	  01C6	74 02			MOV	A,#2
  311:	  01C8	31 31			ACALL	DELAY		;DELAY DE 1ms
  312:	  01CA	74 0A			MOV	A,#0AH
  313:	  01CC	31 39			ACALL	ESCREVE		;ESCREVE COMANDO PARA DESLIGAR CURSOR
  314:	  01CE	74 02			MOV	A,#2
  315:	  01D0	31 31			ACALL	DELAY		;DELAY DE 1ms
  316:	  01D2	74 0C			MOV	A,#0CH
  317:	  01D4	31 39			ACALL	ESCREVE		;ESCREVE COMANDO PARA DESLIGAR CURSOR
  318:	  01D6	74 02			MOV	A,#2
  319:	  01D8	31 31			ACALL	DELAY		;DELAY DE 1ms
  320:	  01DA	74 80			MOV	A,#80H
  321:	  01DC	31 39			ACALL	ESCREVE		;COMANDO PARA POSICIONAR O CURSOR (LINHA 0 / COLUNA 0)
  322:	  01DE	D2 A1			SETB	RS		;SELECIONA O DISPLAY P/ DADO
  323:				; COMANDOS PARA ESCREVER AS LETRAS DE "Senha INCORRETA"
  324:	  01E0	74 53			MOV	A,#'S'
  325:	  01E2	31 39			ACALL	ESCREVE
  326:	  01E4	74 45			MOV	A,#'E'
  327:	  01E6	31 39			ACALL	ESCREVE
  328:	  01E8	74 4E			MOV	A,#'N'
  329:	  01EA	31 39			ACALL	ESCREVE
  330:	  01EC	74 48			MOV	A,#'H'
  331:	  01EE	31 39			ACALL	ESCREVE
  332:	  01F0	74 41			MOV	A,#'A'
  333:	  01F2	31 39			ACALL	ESCREVE
  334:	  01F4	74 20			MOV	A,#' '
  335:	  01F6	31 39			ACALL	ESCREVE
  336:	  01F8	74 49			MOV	A,#'I'
  337:	  01FA	31 39			ACALL	ESCREVE
  338:	  01FC	74 4E			MOV	A,#'N'
  339:	  01FE	31 39			ACALL	ESCREVE
  340:	  0200	74 43			MOV	A,#'C'
  341:	  0202	31 39			ACALL	ESCREVE
  342:	  0204	74 4F			MOV	A,#'O'
  343:	  0206	31 39			ACALL	ESCREVE
  344:	  0208	74 52			MOV	A,#'R'
  345:	  020A	31 39			ACALL	ESCREVE
  346:	  020C	74 52			MOV	A,#'R'
  347:	  020E	31 39			ACALL	ESCREVE
  348:	  0210	74 45			MOV	A,#'E'
  349:	  0212	31 39			ACALL	ESCREVE
  350:	  0214	74 54			MOV	A,#'T'
  351:	  0216	31 39			ACALL	ESCREVE
  352:	  0218	74 41			MOV	A,#'A'
  353:	  021A	31 39			ACALL	ESCREVE
  354:				; COMANDOS PARA ESCREVER AS LETRAS DE "Tente novamente"
  355:	  021C	C2 A1			CLR	RS		;SELECIONA DISPLAY PARA COMANDOS
  356:	  021E	74 C0			MOV	A,#0C0H
  357:	  0220	31 39			ACALL	ESCREVE		;COMANDO PARA POSICIONAR O CURSOR (LINHA 1 / COLUNA 0)
  358:	  0222	D2 A1			SETB	RS		;SELECIONA DISPLAY PARA DADOS
  359:	  0224	74 54			MOV	A,#'T'
  360:	  0226	31 39			ACALL	ESCREVE
  361:	  0228	74 45			MOV	A,#'E'
  362:	  022A	31 39			ACALL	ESCREVE
  363:	  022C	74 4E			MOV	A,#'N'

ASEM-51 V1.3                                         Copyright (c) 2002 by W.W. Heinz                                         PAGE 8



 Line  I  Addr  Code            Source

  364:	  022E	31 39			ACALL	ESCREVE
  365:	  0230	74 54			MOV	A,#'T'
  366:	  0232	31 39			ACALL	ESCREVE
  367:	  0234	74 45			MOV	A,#'E'
  368:	  0236	31 39			ACALL	ESCREVE
  369:	  0238	74 20			MOV	A,#' '
  370:	  023A	31 39			ACALL	ESCREVE
  371:	  023C	74 4E			MOV	A,#'N'
  372:	  023E	31 39			ACALL	ESCREVE
  373:	  0240	74 4F			MOV	A,#'O'
  374:	  0242	31 39			ACALL	ESCREVE
  375:	  0244	74 56			MOV	A,#'V'
  376:	  0246	31 39			ACALL	ESCREVE
  377:	  0248	74 41			MOV	A,#'A'
  378:	  024A	31 39			ACALL	ESCREVE
  379:	  024C	74 4D			MOV	A,#'M'
  380:	  024E	31 39			ACALL	ESCREVE
  381:	  0250	74 45			MOV	A,#'E'
  382:	  0252	31 39			ACALL	ESCREVE
  383:	  0254	74 4E			MOV	A,#'N'
  384:	  0256	31 39			ACALL	ESCREVE
  385:	  0258	74 54			MOV	A,#'T'
  386:	  025A	31 39			ACALL	ESCREVE
  387:	  025C	74 45			MOV	A,#'E'
  388:	  025E	31 39			ACALL	ESCREVE
  389:
  390:	  0260	22			RET
  391:
  392:
  393:				;-------------------------- MENSAGEM MENU -----------------------------
  394:				;ESTA ROTINA ESCREVE NA TELA PRINCIPAL DO PROGRAMA, COM AS FRASES
  395:				; LINHA 1: 1-MOTOR_P 2-TEMP
  396:				; LINHA 2: 3-SERIAL A-SENHA
  397:	  0261	C2 A1		M_MENU:	CLR	RS		;SELECIONA DISPLAY P/ COMANDOS
  398:	  0263	74 01			MOV	A,#1
  399:	  0265	31 39			ACALL	ESCREVE		;ESCREVE COMANDO PARA LIMPAR A TELA
  400:	  0267	74 02			MOV	A,#2
  401:	  0269	31 31			ACALL	DELAY		;DELAY DE 1ms
  402:	  026B	74 0A			MOV	A,#0AH
  403:	  026D	31 39			ACALL	ESCREVE		;ESCREVE COMANDO PARA DESLIGAR CURSOR
  404:	  026F	74 02			MOV	A,#2
  405:	  0271	31 31			ACALL	DELAY		;DELAY DE 1ms
  406:	  0273	74 0C			MOV	A,#0CH
  407:	  0275	31 39			ACALL	ESCREVE		;ESCREVE COMANDO PARA DESLIGAR CURSOR
  408:	  0277	74 02			MOV	A,#2
  409:	  0279	31 31			ACALL	DELAY		;DELAY DE 1ms
  410:	  027B	74 80			MOV	A,#80H
  411:	  027D	31 39			ACALL	ESCREVE		;COMANDO PARA POSICIONAR O CURSOR (LINHA 0 / COLUNA 0)
  412:	  027F	D2 A1			SETB	RS		;SELECIONA O DISPLAY P/ DADO
  413:				; COMANDOS PARA ESCREVER AS LETRAS DE "1-MOTOR_P 2-TEMP"
  414:	  0281	74 31			MOV	A,#'1'
  415:	  0283	31 39			ACALL	ESCREVE
  416:	  0285	74 2D			MOV	A,#'-'
  417:	  0287	31 39			ACALL	ESCREVE
  418:	  0289	74 4D			MOV	A,#'M'
  419:	  028B	31 39			ACALL	ESCREVE

ASEM-51 V1.3                                         Copyright (c) 2002 by W.W. Heinz                                         PAGE 9



 Line  I  Addr  Code            Source

  420:	  028D	74 4F			MOV	A,#'O'
  421:	  028F	31 39			ACALL	ESCREVE
  422:	  0291	74 54			MOV	A,#'T'
  423:	  0293	31 39			ACALL	ESCREVE
  424:	  0295	74 4F			MOV	A,#'O'
  425:	  0297	31 39			ACALL	ESCREVE
  426:	  0299	74 52			MOV	A,#'R'
  427:	  029B	31 39			ACALL	ESCREVE
  428:	  029D	74 5F			MOV	A,#'_'
  429:	  029F	31 39			ACALL	ESCREVE
  430:	  02A1	74 50			MOV	A,#'P'
  431:	  02A3	31 39			ACALL	ESCREVE
  432:	  02A5	74 20			MOV	A,#' '
  433:	  02A7	31 39			ACALL	ESCREVE
  434:	  02A9	74 32			MOV	A,#'2'
  435:	  02AB	31 39			ACALL	ESCREVE
  436:	  02AD	74 2D			MOV	A,#'-'
  437:	  02AF	31 39			ACALL	ESCREVE
  438:	  02B1	74 54			MOV	A,#'T'
  439:	  02B3	31 39			ACALL	ESCREVE
  440:	  02B5	74 45			MOV	A,#'E'
  441:	  02B7	31 39			ACALL	ESCREVE
  442:	  02B9	74 4D			MOV	A,#'M'
  443:	  02BB	31 39			ACALL	ESCREVE
  444:	  02BD	74 50			MOV	A,#'P'
  445:	  02BF	31 39			ACALL	ESCREVE
  446:				; COMANDOS PARA ESCREVER AS LETRAS DE "3-SERIAL A-SENHA"
  447:	  02C1	C2 A1			CLR	RS		;SELECIONA DISPLAY PARA COMANDOS
  448:	  02C3	74 C0			MOV	A,#0C0H
  449:	  02C5	31 39			ACALL	ESCREVE		;COMANDO PARA POSICIONAR O CURSOR (LINHA 1 / COLUNA 0)
  450:	  02C7	D2 A1			SETB	RS		;SELECIONA DISPLAY PARA DADOS
  451:	  02C9	74 33			MOV	A,#'3'
  452:	  02CB	31 39			ACALL	ESCREVE
  453:	  02CD	74 2D			MOV	A,#'-'
  454:	  02CF	31 39			ACALL	ESCREVE
  455:	  02D1	74 53			MOV	A,#'S'
  456:	  02D3	31 39			ACALL	ESCREVE
  457:	  02D5	74 45			MOV	A,#'E'
  458:	  02D7	31 39			ACALL	ESCREVE
  459:	  02D9	74 52			MOV	A,#'R'
  460:	  02DB	31 39			ACALL	ESCREVE
  461:	  02DD	74 49			MOV	A,#'I'
  462:	  02DF	31 39			ACALL	ESCREVE
  463:	  02E1	74 41			MOV	A,#'A'
  464:	  02E3	31 39			ACALL	ESCREVE
  465:	  02E5	74 4C			MOV	A,#'L'
  466:	  02E7	31 39			ACALL	ESCREVE
  467:	  02E9	74 20			MOV	A,#' '
  468:	  02EB	31 39			ACALL	ESCREVE
  469:	  02ED	74 41			MOV	A,#'A'
  470:	  02EF	31 39			ACALL	ESCREVE
  471:	  02F1	74 2D			MOV	A,#'-'
  472:	  02F3	31 39			ACALL	ESCREVE
  473:	  02F5	74 53			MOV	A,#'S'
  474:	  02F7	31 39			ACALL	ESCREVE
  475:	  02F9	74 45			MOV	A,#'E'

ASEM-51 V1.3                                        Copyright (c) 2002 by W.W. Heinz                                         PAGE 10



 Line  I  Addr  Code            Source

  476:	  02FB	31 39			ACALL	ESCREVE
  477:	  02FD	74 4E			MOV	A,#'N'
  478:	  02FF	31 39			ACALL	ESCREVE
  479:	  0301	74 48			MOV	A,#'H'
  480:	  0303	31 39			ACALL	ESCREVE
  481:	  0305	74 41			MOV	A,#'A'
  482:	  0307	31 39			ACALL	ESCREVE
  483:	  0309	22			RET
  484:
  485:				;-------------------------- MENSAGEM MOTOR -----------------------------
  486:				;ESTA ROTINA ESCREVE NA TELA DO LCD, COM AS FRASES
  487:				; LINHA 1:  VELOCIDADE: X
  488:				; LINHA 2:         #-VOLTA
  489:	  030A	C2 A1		M_MOTOR:	CLR	RS		;SELECIONA DISPLAY P/ COMANDOS
  490:	  030C	74 01				MOV	A,#1
  491:	  030E	31 39				ACALL	ESCREVE		;ESCREVE COMANDO PARA LIMPAR A TELA
  492:	  0310	74 02				MOV	A,#2
  493:	  0312	31 31				ACALL	DELAY		;DELAY DE 1ms
  494:	  0314	74 0A				MOV	A,#0AH
  495:	  0316	31 39				ACALL	ESCREVE		;ESCREVE COMANDO PARA DESLIGAR CURSOR
  496:	  0318	74 02				MOV	A,#2
  497:	  031A	31 31				ACALL	DELAY		;DELAY DE 1ms
  498:	  031C	74 0C				MOV	A,#0CH
  499:	  031E	31 39				ACALL	ESCREVE		;ESCREVE COMANDO PARA DESLIGAR CURSOR
  500:	  0320	74 02				MOV	A,#2
  501:	  0322	31 31				ACALL	DELAY		;DELAY DE 1ms
  502:	  0324	74 80				MOV	A,#80H
  503:	  0326	31 39				ACALL	ESCREVE		;COMANDO PARA POSICIONAR O CURSOR (LINHA 0 / COLUNA 0)
  504:	  0328	D2 A1				SETB	RS		;SELECIONA O DISPLAY P/ DADO
  505:				; COMANDOS PARA ESCREVER AS LETRAS DE "VELOCIDADE: X"
  506:	  032A	74 56			MOV	A,#'V'
  507:	  032C	31 39			ACALL	ESCREVE
  508:	  032E	74 45			MOV	A,#'E'
  509:	  0330	31 39			ACALL	ESCREVE
  510:	  0332	74 4C			MOV	A,#'L'
  511:	  0334	31 39			ACALL	ESCREVE
  512:	  0336	74 4F			MOV	A,#'O'
  513:	  0338	31 39			ACALL	ESCREVE
  514:	  033A	74 43			MOV	A,#'C'
  515:	  033C	31 39			ACALL	ESCREVE
  516:	  033E	74 49			MOV	A,#'I'
  517:	  0340	31 39			ACALL	ESCREVE
  518:	  0342	74 44			MOV	A,#'D'
  519:	  0344	31 39			ACALL	ESCREVE
  520:	  0346	74 41			MOV	A,#'A'
  521:	  0348	31 39			ACALL	ESCREVE
  522:	  034A	74 44			MOV	A,#'D'
  523:	  034C	31 39			ACALL	ESCREVE
  524:	  034E	74 45			MOV	A,#'E'
  525:	  0350	31 39			ACALL	ESCREVE
  526:	  0352	74 3A			MOV	A,#':'
  527:	  0354	31 39			ACALL	ESCREVE
  528:
  529:				; COMANDOS PARA ESCREVER AS LETRAS DE "#-VOLTA"
  530:	  0356	C2 A1			CLR	RS		;SELECIONA DISPLAY PARA COMANDOS
  531:	  0358	74 C1			MOV	A,#0C1H

ASEM-51 V1.3                                        Copyright (c) 2002 by W.W. Heinz                                         PAGE 11



 Line  I  Addr  Code            Source

  532:	  035A	31 39			ACALL	ESCREVE		;COMANDO PARA POSICIONAR O CURSOR (LINHA 1 / COLUNA 1)
  533:	  035C	D2 A1			SETB	RS		;SELECIONA DISPLAY PARA DADOS
  534:	  035E	74 23			MOV	A,#23H
  535:	  0360	31 39			ACALL	ESCREVE
  536:	  0362	74 20			MOV	A,#' '
  537:	  0364	31 39			ACALL	ESCREVE
  538:	  0366	74 56			MOV	A,#'V'
  539:	  0368	31 39			ACALL	ESCREVE
  540:	  036A	74 4F			MOV	A,#'O'
  541:	  036C	31 39			ACALL	ESCREVE
  542:	  036E	74 4C			MOV	A,#'L'
  543:	  0370	31 39			ACALL	ESCREVE
  544:	  0372	74 54			MOV	A,#'T'
  545:	  0374	31 39			ACALL	ESCREVE
  546:	  0376	74 41			MOV	A,#'A'
  547:	  0378	31 39			ACALL	ESCREVE
  548:	  037A	74 52			MOV	A,#'R'
  549:	  037C	31 39			ACALL	ESCREVE
  550:	  037E	22			RET
  551:
  552:				;-------------------------- MENSAGEM TEMPERATURA -----------------------------
  553:				;ESTA ROTINA ESCREVE NA TELA DO LCD, COM AS FRASES
  554:				; LINHA 1:  TEMPERATURA
  555:				; LINHA 2:  ATUAL:
  556:	  037F	C2 A1		M_TEMP:	CLR	RS		;SELECIONA DISPLAY P/ COMANDOS
  557:	  0381	74 01				MOV	A,#1
  558:	  0383	31 39				ACALL	ESCREVE		;ESCREVE COMANDO PARA LIMPAR A TELA
  559:	  0385	74 02				MOV	A,#2
  560:	  0387	31 31				ACALL	DELAY		;DELAY DE 1ms
  561:	  0389	74 0A				MOV	A,#0AH
  562:	  038B	31 39				ACALL	ESCREVE		;ESCREVE COMANDO PARA DESLIGAR CURSOR
  563:	  038D	74 02				MOV	A,#2
  564:	  038F	31 31				ACALL	DELAY		;DELAY DE 1ms
  565:	  0391	74 0C				MOV	A,#0CH
  566:	  0393	31 39				ACALL	ESCREVE		;ESCREVE COMANDO PARA DESLIGAR CURSOR
  567:	  0395	74 02				MOV	A,#2
  568:	  0397	31 31				ACALL	DELAY		;DELAY DE 1ms
  569:	  0399	74 82				MOV	A,#82H
  570:	  039B	31 39				ACALL	ESCREVE		;COMANDO PARA POSICIONAR O CURSOR (LINHA 0 / COLUNA 2)
  571:	  039D	D2 A1				SETB	RS		;SELECIONA O DISPLAY P/ DADO
  572:				; COMANDOS PARA ESCREVER AS LETRAS DE "TEMPERATURA"
  573:	  039F	74 54			MOV	A,#'T'
  574:	  03A1	31 39			ACALL	ESCREVE
  575:	  03A3	74 45			MOV	A,#'E'
  576:	  03A5	31 39			ACALL	ESCREVE
  577:	  03A7	74 4D			MOV	A,#'M'
  578:	  03A9	31 39			ACALL	ESCREVE
  579:	  03AB	74 50			MOV	A,#'P'
  580:	  03AD	31 39			ACALL	ESCREVE
  581:	  03AF	74 45			MOV	A,#'E'
  582:	  03B1	31 39			ACALL	ESCREVE
  583:	  03B3	74 52			MOV	A,#'R'
  584:	  03B5	31 39			ACALL	ESCREVE
  585:	  03B7	74 41			MOV	A,#'A'
  586:	  03B9	31 39			ACALL	ESCREVE
  587:	  03BB	74 54			MOV	A,#'T'

ASEM-51 V1.3                                        Copyright (c) 2002 by W.W. Heinz                                         PAGE 12



 Line  I  Addr  Code            Source

  588:	  03BD	31 39			ACALL	ESCREVE
  589:	  03BF	74 55			MOV	A,#'U'
  590:	  03C1	31 39			ACALL	ESCREVE
  591:	  03C3	74 52			MOV	A,#'R'
  592:	  03C5	31 39			ACALL	ESCREVE
  593:	  03C7	74 41			MOV	A,#'A'
  594:	  03C9	31 39			ACALL	ESCREVE
  595:
  596:				; COMANDOS PARA ESCREVER AS LETRAS DE "ATUAL: XXXºC"
  597:	  03CB	C2 A1			CLR	RS		;SELECIONA DISPLAY PARA COMANDOS
  598:	  03CD	74 C8			MOV	A,#0C8H
  599:	  03CF	31 39			ACALL	ESCREVE		;COMANDO PARA POSICIONAR O CURSOR (LINHA 1 / COLUNA 6)
  600:	  03D1	D2 A1			SETB	RS		;SELECIONA DISPLAY PARA DADOS
  601:
  602:	  03D3	74 DF			MOV	A,#0DFH
  603:	  03D5	31 39			ACALL	ESCREVE
  604:	  03D7	74 43			MOV	A,#'C'
  605:	  03D9	31 39			ACALL	ESCREVE
  606:	  03DB	22			RET
  607:
  608:				;======================================================================================
  609:				;================== CONFIGURAÇÕES INICIAIS DE HARDWARE E SOFTWARE =====================
  610:				;======================================================================================
  611:				; NESTA ROTINA SERÁ FEITO AS CONFIGURAÇÕES INICIAS DO PROGRAMA
  612:
  613:	  03DC	75 81 2F	CONFIG:	MOV	SP,#2FH		;DESLOCAMENTO DA PILHA
  614:	  03DF	75 A8 8B		MOV	IE,#8BH		;HABILITAÇÃO DAS INTERRUPÇÕES
  615:								;HABILITA O TIMER0 O TIMER 1 A EXT_0 E A HABILITAÇÃO GERAL
  616:	  03E2	75 B8 01		MOV	IP,#01H		;PRIORIDADES DAS INTERRUPÇÕES
  617:								;PRIORIDADE MAIOR PARA EXT_0
  618:	  03E5	75 89 12		MOV	TMOD,#12H	;TIMR_0 EM MODO 2 R TIMER_1 EM MODO 1
  619:	  03E8	75 8C 0C		MOV	TH0,#00CH	;CHAMADA A CADA 256us
  620:	  03EB	75 8A 0C		MOV	TL0,#00CH
  621:	  03EE	75 8D 9E		MOV	TH1,#9EH	;CHAMADA A CADA 25000us
  622:	  03F1	75 8B 58		MOV	TL1,#58H
  623:	  03F4	D2 88			SETB	IT0		;HABILITA O TIMER0 PARA BORDA DE DESCIDA
  624:	  03F6	D2 8A			SETB	IT1		;HABILITA O TIMAR1 PARA BORDA DE DESCIDA
  625:	  03F8	C2 8C			CLR	TR0		;DESLIGA O TIMER0
  626:	  03FA	C2 8E			CLR	TR1		;DESLIGA O TIMAR1
  627:	  03FC	C2 00			CLR	FLAG		;INICIALIZA A FLAG ZERADA
  628:	  03FE	C2 02			CLR	FLAG_SENHA	;GARANTE INICIALIZAÇÃO IGUAL A ZERO
  629:	  0400	74 00			MOV	A,#00H
  630:	  0402	F5 A0			MOV	P2,A		;INICIALIZA A PORTA 2 TODA EM BAIXO
  631:	  0404	7E EF			MOV	R6,#0EFH	;INICIALIZA R6 COM EFH PARA ROTACIONAR NO TIMER 0
  632:	  0406	78 22			MOV	R0,#22H		;INICIALIZA R0 COM 22H PARA MEMÓRIA INICIAL DE SALVAMENTO
  633:	  0408	76 46		IN_1:	MOV	@R0,#'F'	;\
  634:	  040A	08			INC	R0		;  >INSTRUÇÃO PARA GARANTIR O VALOR INICIAL DEFINIDO E DIFERENTE DA
				SENHA
  635:	  040B	B8 27 FA		CJNE	R0,#27H,IN_1	;/
  636:	  040E	78 22			MOV	R0,#22H
  637:	  0410	74 FF			MOV	A,#0FFH
  638:	  0412	F5 90			MOV	TECLA,A		;INICIALIZA P1 TODA EM NIVEL LÓGICO ALTO
  639:
  640:
  641:				; TEMPO PARA ESTABILIZAÇÃO DE LIGAMENTO DO DISPLAY LCD
  642:	  0414	74 FA			MOV	A,#250

ASEM-51 V1.3                                        Copyright (c) 2002 by W.W. Heinz                                         PAGE 13



 Line  I  Addr  Code            Source

  643:	  0416	31 31			ACALL	DELAY		;DELAY DE 100ms
  644:
  645:
  646:				; CONFIGURAÇÃO INICIAL DO DISPLAY
  647:				; INICIALIZA O DISPLAY P/ COMUNIÇÃO DE 4 VIAS, DISPLAY PARA 2 LINHAS,
  648:				; CURSOR APAGADO E DESLOCAMENTO DO CURSOR À DIREITA.
  649:
  650:	  0418	C2 A1			CLR	RS		;SELECIONA O DISPLAY P/ COMANDOS
  651:
  652:				;	MOV	A,#30H		ESCREVE COMANDO 30H PARA INICIALIZAÇÃO
  653:				;	MOV	DISPLAY,A	ATUALIZA DISPLAY (P2)
  654:	  041A	D2 A4			SETB	P2.4
  655:	  041C	D2 A5			SETB	P2.5
  656:	  041E	D2 A6			SETB	P2.6
  657:	  0420	C2 A7			CLR	P2.7
  658:	  0422	00			NOP			;TEMPO DE ESTABILIZAÇÃO
  659:	  0423	D2 A0			SETB	ENABLE		;ENVIA UM PULSO DE ENABLE AO DISPLAY
  660:	  0425	00			NOP
  661:	  0426	00			NOP			;TEMPO DE ESTABILIZAÇÃO
  662:	  0427	C2 A0			CLR	ENABLE
  663:	  0429	74 08			MOV	A,#8
  664:	  042B	31 31			ACALL	DELAY		;DELAY DE 4ms (EXIGIDO PELO DISPLAY)
  665:
  666:				;	MOV	A,#30H		ESCREVE COMANDO 30H PARA INICIALIZAÇÃO
  667:				;	MOV	DISPLAY,A	ATUALIZA DISPLAY (P2)
  668:	  042D	D2 A4			SETB	P2.4
  669:	  042F	D2 A5			SETB	P2.5
  670:	  0431	D2 A6			SETB	P2.6
  671:	  0433	C2 A7			CLR	P2.7
  672:	  0435	00			NOP			;TEMPO DE ESTABILIZAÇÃO
  673:	  0436	D2 A0			SETB	ENABLE		;ENVIA UM PULSO DE ENABLE AO DISPLAY
  674:	  0438	00			NOP
  675:	  0439	00			NOP			;TEMPO DE ESTABILIZAÇÃO
  676:	  043A	C2 A0			CLR	ENABLE
  677:	  043C	74 04			MOV	A,#4
  678:	  043E	31 31			ACALL	DELAY		;DELAY DE 1ms (EXIGIDO PELO DISPLAY)
  679:
  680:				;	MOV	A,#30H		ESCREVE COMANDO 30H PARA INICIALIZAÇÃO
  681:				;	MOV	DISPLAY,A	ATUALIZA DISPLAY (P2)
  682:	  0440	D2 A4			SETB	P2.4
  683:	  0442	D2 A5			SETB	P2.5
  684:	  0444	D2 A6			SETB	P2.6
  685:	  0446	C2 A7			CLR	P2.7
  686:	  0448	00			NOP			;TEMPO DE ESTABILIZAÇÃO
  687:	  0449	D2 A0			SETB	ENABLE		;ENVIA UM PULSO DE ENABLE AO DISPLAY
  688:	  044B	00			NOP
  689:	  044C	00			NOP			;TEMPO DE ESTABILIZAÇÃO
  690:	  044D	C2 A0			CLR	ENABLE
  691:	  044F	74 04			MOV	A,#4
  692:	  0451	31 31			ACALL	DELAY		;DELAY DE 1ms (EXIGIDO PELO DISPLAY)
  693:
  694:				;	MOV	A,#00100000B	ESCREVE COMANDO PARA ESTABELECER COMUNICAÇÃO DE 4 VIAS
  695:				;	MOV	DISPLAY,A	ATUALIZA DISPLAY (P2)
  696:	  0453	C2 A4			CLR	P2.4
  697:	  0455	D2 A5			SETB	P2.5
  698:	  0457	C2 A6			CLR	P2.6

ASEM-51 V1.3                                        Copyright (c) 2002 by W.W. Heinz                                         PAGE 14



 Line  I  Addr  Code            Source

  699:	  0459	C2 A7			CLR	P2.7
  700:	  045B	00			NOP
  701:	  045C	D2 A0			SETB	ENABLE		;ENVIA UM PULSO DE ENABLE AO DISPLAY
  702:	  045E	00			NOP
  703:	  045F	00			NOP
  704:	  0460	C2 A0			CLR	ENABLE
  705:	  0462	74 04			MOV	A,#4
  706:	  0464	31 31			ACALL	DELAY		;DELAY DE 1ms (EXIGIDO PELO DISPLAY)
  707:
  708:	  0466	74 28			MOV	A,#28H		;ESCREVE COMANDO PARA DISPLAY DE DUAS LINHAS E MATRIZ 7x5
  709:	  0468	31 39			ACALL	ESCREVE
  710:	  046A	74 01			MOV	A,#00000001B	;ESCREVE COMANDO PARA LIMPAR TODO O DISPLAY
  711:	  046C	31 39			ACALL	ESCREVE
  712:	  046E	74 04			MOV	A,#4
  713:	  0470	31 31			ACALL	DELAY		;DELAY DE 1ms
  714:	  0472	74 0C			MOV	A,#00001100B	;LIGA DISPLAY SEM CURSOR
  715:	  0474	31 39			ACALL	ESCREVE
  716:	  0476	74 06			MOV	A,#00000110B	;DESLOCAMENTO AUTOMÁTICO À DIREITA DO CURSOR
  717:	  0478	31 39			ACALL	ESCREVE
  718:	  047A	D2 A1			SETB	RS		;SELECIONA DISPLAY PARA DADOS
  719:
  720:				; INICIO ROTINA PRINCIPAL DO PROGRAMA A SER EXECUTADO
  721:
  722:	  047C	31 69		INICIO:	ACALL	TELA_S		;CHAMADA DA TELA DE SENHA
  723:	  047E	D2 8C			SETB	TR0		;HABILITA O TIMER 0
  724:	  0480	20 00 20	PART_0:	JB	FLAG,PART_1	;VERIFICA A FLAG PARA HABILITAR DE FORMA CORRETA O TIMER0
  725:	  0483	81 80			AJMP	PART_0		;VOLTA PARA A VERIFICAÇÃO DA FLAG
  726:
  727:	  0485	B8 27 21	PART_2:	CJNE	R0,#27H,PART_3		;COMPARA SE R0 JA FOI INCREMENTADO 5 VEZES
  728:	  0488	C2 A8			CLR	EX0			;DESABILITA A EXTERNA 0
  729:	  048A	31 A2			ACALL	COMPARA			;CHAMA ROTINA DE COMPARAÇÃO DE SENHA
  730:	  048C	C2 00			CLR	FLAG			;GARANTE FLAG ZERO PARA A PRÓXIMA CHAMADA
  731:	  048E	20 02 28		JB	FLAG_SENHA,PART_4	;VERIFICA SE SENHA ESTA CORRETA, SE ESTIVER VAI PARA MENU PA
				RT_4
  732:	  0491	31 C0			ACALL	M_ERRO			;CASO A SENHA NÃO ESTEJA CORRETO CHAMA MENSAGEM DE ERRO
  733:	  0493	75 10 19		MOV	10H,#25			;TEMPO PARA VISUALIZACAO DA MENSAGEM
  734:	  0496	74 FA			MOV	A,#250
  735:	  0498	31 31			ACALL	DELAY			;CHAMADA DE UMA ROTINA DE ~125ms
  736:	  049A	D5 10 FB		DJNZ	10H,$-2
  737:	  049D	78 22			MOV	R0,#22H
  738:	  049F	D2 A8			SETB	EX0			;HABILITA A EXTERNA 0
  739:	  04A1	81 7C			AJMP	INICIO			;VOLTA PARA O INICIO
  740:
  741:
  742:	  04A3	E6		PART_1:	MOV	A,@R0
  743:	  04A4	31 39			ACALL	ESCREVE
  744:	  04A6	08			INC	R0
  745:	  04A7	81 85			AJMP	PART_2
  746:	  04A9	75 10 05	PART_3:	MOV	10H,#5		;TEMPO DE ESPERA PARA UM NOVO DÍGITO
  747:	  04AC	74 FF			MOV	A,#255		;CHAMA ROTINA DE APROXIMADAMENTE DE 123ms
  748:	  04AE	31 31			ACALL	DELAY
  749:	  04B0	D5 10 FB		DJNZ	10H,$-2		;VOLTA PARA CARREGAR, PERDER MAIS 123ms SE 10H NAO FOR ZERO
  750:	  04B3	D2 8C			SETB	TR0		;HABILITA O TIMER 0
  751:	  04B5	C2 00			CLR	FLAG		;LIMPA A FLAG AUXILIAR DO TECLADO
  752:	  04B7	81 80			AJMP	PART_0		;VOLTA PARA A VERIFICAÇÃO DA FLAG
  753:

ASEM-51 V1.3                                        Copyright (c) 2002 by W.W. Heinz                                         PAGE 15



 Line  I  Addr  Code            Source

  754:
  755:	  04B9	78 22		PART_4:	MOV	R0,#22H
  756:	  04BB	76 00			MOV	@R0,#00H	;GARANTE VALOR DESCONHECIDO PARA A PRÓXIMA COMPARAÇÃO
  757:	  04BD	51 61			ACALL	M_MENU		;MENSAGEM DE MENU
  758:	  04BF	75 10 05		MOV	10H,#5		;TEMPO DE ESPERA PARA UM NOVO DÍGITO
  759:	  04C2	74 FF			MOV	A,#255		;CHAMA ROTINA DE APROXIMADAMENTE DE 123ms
  760:	  04C4	31 31			ACALL	DELAY
  761:	  04C6	D5 10 FB		DJNZ	10H,$-2		;VOLTA PARA CARREGAR, PERDER MAIS 123ms SE 10H NAO FOR ZERO
  762:	  04C9	D2 A8			SETB	EX0		;HABILITA A EXTERNA 0
  763:	  04CB	C2 00			CLR	FLAG
  764:	  04CD	D2 8C			SETB	TR0		;LIGA O TIMER 0
  765:
  766:	  04CF	30 00 FD	PART_8:	JNB	FLAG,$
  767:	  04D2	B6 31 09		CJNE	@R0,#'1',PART_5
  768:	  04D5	75 0A 01		MOV	0AH,#1		;INICIALIZA O RIGISTRADOR UTILIZADO NO TIMER 1
  769:	  04D8	76 30			MOV	@R0,#'0'	;PARA INICIALIZAR COM VELOCIDADE 0
  770:	  04DA	C2 00			CLR	FLAG
  771:	  04DC	A1 05			AJMP	MOTOR
  772:	  04DE	B6 32 04	PART_5:	CJNE	@R0,#'2',PART_6
  773:	  04E1	C2 00			CLR	FLAG
  774:	  04E3	A1 3D			AJMP	TEMP
  775:	  04E5	B6 33 04	PART_6:	CJNE	@R0,#'3',PART_7
  776:	  04E8	C2 00			CLR	FLAG
  777:	  04EA	81 FF			AJMP	PART_9
  778:	  04EC	B6 41 10	PART_7:	CJNE	@R0,#'A',PART_9
  779:	  04EF	C2 00			CLR	FLAG
  780:	  04F1	75 10 05		MOV	10H,#5		;TEMPO DE ESPERA PARA UM NOVO DÍGITO
  781:	  04F4	74 FF			MOV	A,#255		;CHAMA ROTINA DE APROXIMADAMENTE DE 123ms
  782:	  04F6	31 31			ACALL	DELAY
  783:	  04F8	D5 10 FB		DJNZ	10H,$-2		;VOLTA PARA CARREGAR, PERDER MAIS 123ms SE 10H NAO FOR ZERO
  784:	  04FB	C2 02			CLR	FLAG_SENHA
  785:	  04FD	81 7C			AJMP	INICIO
  786:
  787:	  04FF	C2 00		PART_9: 	CLR	FLAG
  788:	  0501	D2 8C				SETB	TR0		;LIGA O TIMER 0
  789:	  0503	81 CF				AJMP	PART_8
  790:				;----------------------------- MOTOR DE PASSO -----------------------------------
  791:	  0505	71 0A		MOTOR:	ACALL	M_MOTOR
  792:	  0507	75 10 05		MOV	10H,#5		;TEMPO DE ESPERA PARA UM NOVO DÍGITO
  793:	  050A	74 FF			MOV	A,#255		;CHAMA ROTINA DE APROXIMADAMENTE DE 123ms
  794:	  050C	31 31			ACALL	DELAY
  795:	  050E	D5 10 FB		DJNZ	10H,$-2		;VOLTA PARA CARREGAR, PERDER MAIS 123ms SE 10H NAO FOR ZERO
  796:	  0511	76 30			MOV	@R0,#'0'	;PARA INICIALIZAR COM VELOCIDADE 0
  797:	  0513	7B 01			MOV	R3,#01H
  798:	  0515	D2 8C			SETB	TR0
  799:	  0517	D2 8E			SETB	TR1		;LIGA O TIMER 1
  800:	  0519	B6 30 04	MT_3:	CJNE	@R0,#'0',MT_1
  801:	  051C	C2 8E			CLR	TR1
  802:	  051E	A1 29			AJMP	MT_4
  803:	  0520	B6 23 04	MT_1:	CJNE	@R0,#23H,MT_2
  804:	  0523	C2 8E			CLR	TR1		;DESLIGA O TIMER 1 ANTES DE SAIR DA ROTINA DO MOTOR
  805:	  0525	81 B9			AJMP	PART_4		;VOLTA PARA O MENU
  806:
  807:	  0527	D2 8E		MT_2:	SETB	TR1
  808:	  0529	30 03 ED	MT_4:	JNB	FLAG_MOTOR,MT_3
  809:	  052C	C2 03			CLR	FLAG_MOTOR

ASEM-51 V1.3                                        Copyright (c) 2002 by W.W. Heinz                                         PAGE 16



 Line  I  Addr  Code            Source

  810:	  052E	C2 A1			CLR	RS		;SELECIONA DISPLAY PARA COMANDOS
  811:	  0530	74 8D			MOV	A,#08DH
  812:	  0532	31 39			ACALL	ESCREVE		;COMANDO PARA POSICIONAR O CURSOR (LINHA 1 / COLUNA 1)
  813:	  0534	D2 A1			SETB	RS		;SELECIONA DISPLAY PARA DADOS
  814:	  0536	E6			MOV	A,@R0
  815:	  0537	31 39			ACALL	ESCREVE
  816:	  0539	D2 8C			SETB	TR0
  817:	  053B	A1 19			AJMP	MT_3
  818:
  819:				;---------------------------------- TEMPERATURA ---------------------------------------
  820:	  053D	71 7F		TEMP:	ACALL	M_TEMP
  821:	  053F	75 10 05		MOV	10H,#5		;TEMPO DE ESPERA PARA UM NOVO DÍGITO
  822:	  0542	74 FF			MOV	A,#255		;CHAMA ROTINA DE APROXIMADAMENTE DE 123ms
  823:	  0544	31 31			ACALL	DELAY
  824:	  0546	D5 10 FB		DJNZ	10H,$-2		;VOLTA PARA CARREGAR, PERDER MAIS 123ms SE 10H NAO FOR ZERO
  825:	  0549	76 00			MOV	@R0,#00H	;GARANTE VALOR DIFERENTE DE 23H
  826:
  827:	  054B	D2 8C		TE_1:	SETB	TR0
  828:	  054D	75 F0 64		MOV	0F0H,#100
  829:	  0550	E5 80			MOV	A,P0
  830:	  0552	84			DIV	AB
  831:	  0553	F5 0C			MOV	0CH,A
  832:	  0555	E5 F0			MOV	A,0F0H
  833:	  0557	75 F0 0A		MOV	0F0H,#10
  834:	  055A	84			DIV	AB
  835:	  055B	F5 0D			MOV	0DH,A
  836:
  837:	  055D	C2 A1			CLR	RS		;SELECIONA DISPLAY PARA COMANDOS
  838:	  055F	74 C5			MOV	A,#0C5H
  839:	  0561	31 39			ACALL	ESCREVE		;COMANDO PARA POSICIONAR O CURSOR (LINHA 1 / COLUNA 10)
  840:	  0563	D2 A1			SETB	RS		;SELECIONA DISPLAY PARA DADOS
  841:	  0565	E5 0C			MOV	A,0CH
  842:	  0567	24 30			ADD	A,#30H
  843:	  0569	31 39			ACALL	ESCREVE
  844:
  845:	  056B	E5 0D			MOV	A,0DH
  846:	  056D	24 30			ADD	A,#30H
  847:	  056F	31 39			ACALL	ESCREVE
  848:
  849:	  0571	E5 F0			MOV	A,0F0H
  850:	  0573	24 30			ADD	A,#30H
  851:	  0575	31 39			ACALL	ESCREVE
  852:
  853:	  0577	75 10 05		MOV	10H,#5		;TEMPO DE ESPERA PARA UM NOVO DÍGITO
  854:	  057A	B6 23 04	TE_0:	CJNE	@R0,#23H,TE_2
  855:	  057D	C2 8C			CLR	TR0		;DESLIGA TIMER 0 PARA SAIR DA ROTINA
  856:	  057F	81 B9			AJMP	PART_4		;VOLTA PARA O MENU SE # FOR PRESSIONADO
  857:
  858:	  0581	74 FF		TE_2:	MOV	A,#255		;CHAMA ROTINA DE APROXIMADAMENTE DE 123ms
  859:	  0583	31 31			ACALL	DELAY
  860:	  0585	D5 10 F2		DJNZ	10H,TE_0	;VOLTA PARA ANALIZAR A TECLA PRESSIONADA E PERDER MAIS 123ms SE 10H
				NAO FOR ZERO
  861:	  0588	A1 4B			AJMP	TE_1
  862:
  863:				;---------------------------- FIM DO PROGRAMA -----------------------------------
  864:					END

ASEM-51 V1.3                                        Copyright (c) 2002 by W.W. Heinz                                         PAGE 17








                     register banks used:  ---

                     no errors




ASEM-51 V1.3                                        Copyright (c) 2002 by W.W. Heinz                                         PAGE 18





	       L I S T   O F   S Y M B O L S
	       =============================


SYMBOL				  TYPE     VALUE	LINE
------------------------------------------------------------
??ASEM_51			  NUMBER    8051
??VERSION			  NUMBER    0130
AC				  BIT	      D6
ACC				  DATA	      E0
AD				  NUMBER    0080	  29
B				  DATA	      F0
COMPARA				  CODE	    01A2	 289
CONFIG				  CODE	    03DC	 613
CY				  BIT	      D7
DELAY				  CODE	    0131	 210
DISPLAY				  NUMBER    00A0	  30
DPH				  DATA	      83
DPL				  DATA	      82
EA				  BIT	      AF
ENABLE				  NUMBER    00A0	  32
ES				  BIT	      AC
ESCREVE				  CODE	    0139	 219
ESP				  CODE	    012E	 203
ET0				  BIT	      A9
ET1				  BIT	      AB
EX0				  BIT	      A8
EX1				  BIT	      AA
EXTI0				  CODE	    0003
EXTI1				  CODE	    0013
EXT_0				  CODE	    001D	  51
EX_1				  CODE	    002E	  62
EX_10				  CODE	    006D	  98
EX_11				  CODE	    0074	 102
EX_12				  CODE	    007B	 106
EX_13				  CODE	    0082	 110
EX_14				  CODE	    0089	 114
EX_15				  CODE	    0090	 118
EX_2				  CODE	    0035	  66
EX_3				  CODE	    003C	  70
EX_4				  CODE	    0043	  74
EX_5				  CODE	    004A	  78
EX_6				  CODE	    0051	  82
EX_7				  CODE	    0058	  86
EX_8				  CODE	    005F	  90
EX_9				  CODE	    0066	  94
F0				  BIT	      D5
FLAG				  NUMBER    0000	  22
FLAG1				  NUMBER    0001	  23
FLAG_MOTOR			  NUMBER    0003	  25
FLAG_SENHA			  NUMBER    0002	  24
FLAG_SERIAL			  NUMBER    0005	  27
FLAG_TEMP			  NUMBER    0004	  26
F_COMP				  CODE	    01BD	 300
F_EXT0				  CODE	    0095	 121
IE				  DATA	      A8

ASEM-51 V1.3                                        Copyright (c) 2002 by W.W. Heinz                                         PAGE 19



SYMBOL				  TYPE     VALUE	LINE
------------------------------------------------------------
IE0				  BIT	      89
IE1				  BIT	      8B
INICIO				  CODE	    047C	 722
INT0				  BIT	      B2
INT1				  BIT	      B3
IN_1				  CODE	    0408	 633
IP				  DATA	      B8
IT0				  BIT	      88
IT1				  BIT	      8A
M1				  NUMBER    00B4	  34
M2				  NUMBER    00B5	  35
M3				  NUMBER    00B6	  36
M4				  NUMBER    00B7	  37
MOTOR				  CODE	    0505	 791
MT_1				  CODE	    0520	 803
MT_2				  CODE	    0527	 807
MT_3				  CODE	    0519	 800
MT_4				  CODE	    0529	 808
M_ERRO				  CODE	    01C0	 307
M_MENU				  CODE	    0261	 397
M_MOTOR				  CODE	    030A	 489
M_TEMP				  CODE	    037F	 556
OV				  BIT	      D2
P				  BIT	      D0
P0				  DATA	      80
P1				  DATA	      90
P2				  DATA	      A0
P3				  DATA	      B0
PART_0				  CODE	    0480	 724
PART_1				  CODE	    04A3	 742
PART_2				  CODE	    0485	 727
PART_3				  CODE	    04A9	 746
PART_4				  CODE	    04B9	 755
PART_5				  CODE	    04DE	 772
PART_6				  CODE	    04E5	 775
PART_7				  CODE	    04EC	 778
PART_8				  CODE	    04CF	 766
PART_9				  CODE	    04FF	 787
PCON				  DATA	      87
PS				  BIT	      BC
PSW				  DATA	      D0
PT0				  BIT	      B9
PT1				  BIT	      BB
PX0				  BIT	      B8
PX1				  BIT	      BA
RB8				  BIT	      9A
RD				  BIT	      B7
REN				  BIT	      9C
RESET				  CODE	    0000
RI				  BIT	      98
RS				  NUMBER    00A1	  31
RS0				  BIT	      D3
RS1				  BIT	      D4
RXD				  BIT	      B0
SAI_T1				  CODE	    012C	 202
SBUF				  DATA	      99

ASEM-51 V1.3                                        Copyright (c) 2002 by W.W. Heinz                                         PAGE 20



SYMBOL				  TYPE     VALUE	LINE
------------------------------------------------------------
SCON				  DATA	      98
SINT				  CODE	    0023
SM0				  BIT	      9F
SM1				  BIT	      9E
SM2				  BIT	      9D
SP				  DATA	      81
T0				  BIT	      B4
T0_1				  CODE	    009F	 130
T1				  BIT	      B5
T1_1				  CODE	    00B4	 149
T1_2				  CODE	    00C1	 155
T1_3				  CODE	    00CE	 161
T1_4				  CODE	    00DB	 167
TB8				  BIT	      9B
TCON				  DATA	      88
TECLA				  NUMBER    0090	  33
TELA_S				  CODE	    0169	 256
TEMP				  CODE	    053D	 820
TE_0				  CODE	    057A	 854
TE_1				  CODE	    054B	 827
TE_2				  CODE	    0581	 858
TF0				  BIT	      8D
TF1				  BIT	      8F
TH0				  DATA	      8C
TH1				  DATA	      8D
TI				  BIT	      99
TIMER0				  CODE	    000B
TIMER1				  CODE	    001B
TIMR_0				  CODE	    0098	 127
TIMR_1				  CODE	    00AE	 145
TL0				  DATA	      8A
TL1				  DATA	      8B
TMOD				  DATA	      89
TR0				  BIT	      8C
TR1				  BIT	      8E
TXD				  BIT	      B1
T_1				  CODE	    00E6	 173
T_10				  CODE	    0113	 191
T_11				  CODE	    0118	 193
T_12				  CODE	    011D	 195
T_13				  CODE	    0122	 197
T_14				  CODE	    0127	 199
T_2				  CODE	    00EB	 175
T_3				  CODE	    00F0	 177
T_4				  CODE	    00F5	 179
T_5				  CODE	    00FA	 181
T_6				  CODE	    00FF	 183
T_7				  CODE	    0104	 185
T_8				  CODE	    0109	 187
T_9				  CODE	    010E	 189
WR				  BIT	      B6
